Archive member included because of file (symbol)

c:/program files/atmel/avr tools/avr toolchain/bin/../lib/gcc/avr/4.4.3/avr5\libgcc.a(_udivmodhi4.o)
                              preamp_2_plus.o (__udivmodhi4)
c:/program files/atmel/avr tools/avr toolchain/bin/../lib/gcc/avr/4.4.3/avr5\libgcc.a(_divmodhi4.o)
                              lcd_lib.o (__divmodhi4)
c:/program files/atmel/avr tools/avr toolchain/bin/../lib/gcc/avr/4.4.3/avr5\libgcc.a(_exit.o)
                              c:/program files/atmel/avr tools/avr toolchain/bin/../lib/gcc/avr/4.4.3/../../../../avr/lib/avr5/crtm16.o (exit)
c:/program files/atmel/avr tools/avr toolchain/bin/../lib/gcc/avr/4.4.3/avr5\libgcc.a(_copy_data.o)
                              preamp_2_plus.o (__do_copy_data)
c:/program files/atmel/avr tools/avr toolchain/bin/../lib/gcc/avr/4.4.3/avr5\libgcc.a(_clear_bss.o)
                              preamp_2_plus.o (__do_clear_bss)
c:/program files/atmel/avr tools/avr toolchain/bin/../lib/gcc/avr/4.4.3/../../../../avr/lib/avr5\libc.a(eerd_byte_atmega16.o)
                              preamp_2_plus.o (__eerd_byte_m16)
c:/program files/atmel/avr tools/avr toolchain/bin/../lib/gcc/avr/4.4.3/../../../../avr/lib/avr5\libc.a(eewr_byte_atmega16.o)
                              preamp_2_plus.o (__eewr_byte_m16)

Allocating common symbols
Common symbol       size              file

sec_flag            0x1               preamp_2_plus.o
standby_avto_cnt    0x2               preamp_2_plus.o
n_sleep             0x1               preamp_2_plus.o
rc5_stb_cnt         0x1               preamp_2_plus.o
temperature1        0x1               preamp_2_plus.o
h1                  0x1               preamp_2_plus.o
n_ds_found_cnt      0x1               preamp_2_plus.o
show_temp_cnt       0x1               preamp_2_plus.o
d1                  0x1               preamp_2_plus.o
nmenu               0x1               preamp_2_plus.o
omenu               0x1               preamp_2_plus.o
encoder_status      0x1               preamp_2_plus.o
l_tcheck            0x1               preamp_2_plus.o
enc                 0x2               preamp_2_plus.o
sz2                 0x1               preamp_2_plus.o
s1                  0x1               preamp_2_plus.o
sleep_timer_cnt     0x2               preamp_2_plus.o
stb_out_tmp         0x1               preamp_2_plus.o
standby_avto_flag   0x1               preamp_2_plus.o
mes1                0x1               preamp_2_plus.o
l_londness          0x1               preamp_2_plus.o
n_sleep_tmp         0x1               preamp_2_plus.o
l_info              0x1               preamp_2_plus.o
stb_out             0x1               preamp_2_plus.o
year1               0x1               preamp_2_plus.o
n_ds_temp_max_tmp   0x1               preamp_2_plus.o
l_standby           0x1               preamp_2_plus.o
nokey_timer_cnt     0x1               preamp_2_plus.o
sec_cnt             0x1               preamp_2_plus.o
save_volume_mute    0x1               preamp_2_plus.o
l_mute_show         0x1               preamp_2_plus.o
enc_count_p         0x1               preamp_2_plus.o
n_auto_stb          0x1               preamp_2_plus.o
rc5_set_cnt         0x1               preamp_2_plus.o
enc_count_m         0x1               preamp_2_plus.o
m1                  0x1               preamp_2_plus.o
rc5_mute_cnt        0x1               preamp_2_plus.o
rc5_cnt             0x1               preamp_2_plus.o
n_auto_stb_tmp      0x1               preamp_2_plus.o
save_volume_stb     0x1               preamp_2_plus.o
ds_wait_cnt         0x1               preamp_2_plus.o
gSensorIDs          0x10              preamp_2_plus.o
rc5                 0x3               rc5.o
l_mute              0x1               preamp_2_plus.o
kbd_timer_cnt       0x1               preamp_2_plus.o
ds_state            0x1               preamp_2_plus.o
sz1                 0x1               preamp_2_plus.o
sleep_flag          0x1               preamp_2_plus.o
temperature2        0x1               preamp_2_plus.o
enc_timer_cnt       0x1               preamp_2_plus.o
nokey_flag          0x1               preamp_2_plus.o

Memory Configuration

Name             Origin             Length             Attributes
text             0x00000000         0x00020000         xr
data             0x00800060         0x0000ffa0         rw !x
eeprom           0x00810000         0x00010000         rw !x
fuse             0x00820000         0x00000400         rw !x
lock             0x00830000         0x00000400         rw !x
signature        0x00840000         0x00000400         rw !x
*default*        0x00000000         0xffffffff

Linker script and memory map

LOAD c:/program files/atmel/avr tools/avr toolchain/bin/../lib/gcc/avr/4.4.3/../../../../avr/lib/avr5/crtm16.o
LOAD preamp_2_plus.o
LOAD lcd_lib.o
LOAD rc5.o
LOAD i2c.o
LOAD ds18x20.o
LOAD c:/program files/atmel/avr tools/avr toolchain/bin/../lib/gcc/avr/4.4.3/avr5\libgcc.a
LOAD c:/program files/atmel/avr tools/avr toolchain/bin/../lib/gcc/avr/4.4.3/../../../../avr/lib/avr5\libc.a
LOAD c:/program files/atmel/avr tools/avr toolchain/bin/../lib/gcc/avr/4.4.3/avr5\libgcc.a

.hash
 *(.hash)

.dynsym
 *(.dynsym)

.dynstr
 *(.dynstr)

.gnu.version
 *(.gnu.version)

.gnu.version_d
 *(.gnu.version_d)

.gnu.version_r
 *(.gnu.version_r)

.rel.init
 *(.rel.init)

.rela.init
 *(.rela.init)

.rel.text
 *(.rel.text)
 *(.rel.text.*)
 *(.rel.gnu.linkonce.t*)

.rela.text
 *(.rela.text)
 *(.rela.text.*)
 *(.rela.gnu.linkonce.t*)

.rel.fini
 *(.rel.fini)

.rela.fini
 *(.rela.fini)

.rel.rodata
 *(.rel.rodata)
 *(.rel.rodata.*)
 *(.rel.gnu.linkonce.r*)

.rela.rodata
 *(.rela.rodata)
 *(.rela.rodata.*)
 *(.rela.gnu.linkonce.r*)

.rel.data
 *(.rel.data)
 *(.rel.data.*)
 *(.rel.gnu.linkonce.d*)

.rela.data
 *(.rela.data)
 *(.rela.data.*)
 *(.rela.gnu.linkonce.d*)

.rel.ctors
 *(.rel.ctors)

.rela.ctors
 *(.rela.ctors)

.rel.dtors
 *(.rel.dtors)

.rela.dtors
 *(.rela.dtors)

.rel.got
 *(.rel.got)

.rela.got
 *(.rela.got)

.rel.bss
 *(.rel.bss)

.rela.bss
 *(.rela.bss)

.rel.plt
 *(.rel.plt)

.rela.plt
 *(.rela.plt)

.text           0x00000000     0x30ec
 *(.vectors)
 .vectors       0x00000000       0x54 c:/program files/atmel/avr tools/avr toolchain/bin/../lib/gcc/avr/4.4.3/../../../../avr/lib/avr5/crtm16.o
                0x00000000                __vectors
 *(.vectors)
 *(.progmem.gcc*)
 *(.progmem*)
 .progmem.data  0x00000054       0x40 lcd_lib.o
                0x00000054                LcdCustomChar
                0x00000094                . = ALIGN (0x2)
                0x00000094                __trampolines_start = .
 *(.trampolines)
 .trampolines   0x00000094        0x0 linker stubs
 *(.trampolines*)
                0x00000094                __trampolines_end = .
 *(.jumptables)
 *(.jumptables*)
 *(.lowtext)
 *(.lowtext*)
                0x00000094                __ctors_start = .
 *(.ctors)
                0x00000094                __ctors_end = .
                0x00000094                __dtors_start = .
 *(.dtors)
                0x00000094                __dtors_end = .
 SORT(*)(.ctors)
 SORT(*)(.dtors)
 *(.init0)
 .init0         0x00000094        0x0 c:/program files/atmel/avr tools/avr toolchain/bin/../lib/gcc/avr/4.4.3/../../../../avr/lib/avr5/crtm16.o
                0x00000094                __init
 *(.init0)
 *(.init1)
 *(.init1)
 *(.init2)
 .init2         0x00000094        0xc c:/program files/atmel/avr tools/avr toolchain/bin/../lib/gcc/avr/4.4.3/../../../../avr/lib/avr5/crtm16.o
 *(.init2)
 *(.init3)
 *(.init3)
 *(.init4)
 .init4         0x000000a0       0x16 c:/program files/atmel/avr tools/avr toolchain/bin/../lib/gcc/avr/4.4.3/avr5\libgcc.a(_copy_data.o)
                0x000000a0                __do_copy_data
 .init4         0x000000b6       0x10 c:/program files/atmel/avr tools/avr toolchain/bin/../lib/gcc/avr/4.4.3/avr5\libgcc.a(_clear_bss.o)
                0x000000b6                __do_clear_bss
 *(.init4)
 *(.init5)
 *(.init5)
 *(.init6)
 *(.init6)
 *(.init7)
 *(.init7)
 *(.init8)
 *(.init8)
 *(.init9)
 .init9         0x000000c6        0x8 c:/program files/atmel/avr tools/avr toolchain/bin/../lib/gcc/avr/4.4.3/../../../../avr/lib/avr5/crtm16.o
 *(.init9)
 *(.text)
 .text          0x000000ce        0x4 c:/program files/atmel/avr tools/avr toolchain/bin/../lib/gcc/avr/4.4.3/../../../../avr/lib/avr5/crtm16.o
                0x000000ce                __vector_12
                0x000000ce                __bad_interrupt
                0x000000ce                __vector_6
                0x000000ce                __vector_3
                0x000000ce                __vector_11
                0x000000ce                __vector_13
                0x000000ce                __vector_17
                0x000000ce                __vector_19
                0x000000ce                __vector_7
                0x000000ce                __vector_5
                0x000000ce                __vector_2
                0x000000ce                __vector_15
                0x000000ce                __vector_8
                0x000000ce                __vector_14
                0x000000ce                __vector_10
                0x000000ce                __vector_16
                0x000000ce                __vector_18
                0x000000ce                __vector_20
 .text          0x000000d2     0x22a4 preamp_2_plus.o
                0x000000d2                __vector_default
                0x000000d4                encoder_scan
                0x0000016a                encoder_init
                0x00000176                bcd2bin
                0x0000018e                kbd_scan
                0x000004c8                bin2bcd
                0x000004dc                set_select
                0x00000506                set_londness
                0x0000051a                timers_init
                0x00000550                __vector_4
                0x000005da                get_all
                0x000006e0                load_EEprom_Rc5key
                0x00000704                gettemp
                0x0000080e                get_temp
                0x000008fe                __vector_9
                0x00000a7c                save_EEprom_Rc5key
                0x00000aaa                load_EEprom_param
                0x00000c38                save_EEprom_param
                0x00000cb0                print_dec
                0x00000d70                print_temperatura
                0x00000de6                rtc_print_date
                0x00000e2e                rtc_print_time
                0x00000e5e                lcd_optionmenu
                0x00001116                lcd_mainmenu
                0x000011a4                send_tda7313
                0x000012b4                rtc_set_date
                0x0000131c                rtc_set_time
                0x0000138e                beep_flash
                0x000013a4                flash
                0x000013b6                beep
                0x000013c8                main_delay
                0x000013e6                set_standby
                0x00001546                set_mute
                0x00001662                beep_long
                0x0000166e                save_param
                0x00001690                run_optionmenu
                0x00001994                rtc_get_date
                0x00001a2a                rtc_print_date_read
                0x00001a60                rtc_get_time
                0x00001af6                lcd_show_temp_sleep_mute_stb
                0x00001bea                run_mainmenu
                0x00001ffa                rtc_print_time_read
                0x00002030                rtc_init
                0x0000209c                main_init
                0x000021c2                main
 .text          0x00002376      0x238 lcd_lib.o
                0x00002376                lcd
                0x000023ce                lcd_dat
                0x000023da                lcd_space
                0x000023f6                lcd_puts
                0x00002410                lcd_com
                0x0000241a                lcdprogress_bar
                0x000024b6                lcd_definechar
                0x0000250e                lcd_clear
                0x00002528                lcd_init
 .text          0x000025ae      0x1aa rc5.o
                0x000025ae                rc5_init
                0x0000267a                __vector_1
 .text          0x00002758      0x208 i2c.o
                0x00002758                delay
                0x0000277a                i2c_start
                0x000027b4                i2c_stop
                0x000027ee                i2c_init
                0x00002836                i2c_write
                0x000028f0                i2c_read
 .text          0x00002960      0x710 ds18x20.o
                0x00002960                delayloop32
                0x0000297a                crc8
                0x000029c2                ow_input_pin_state
                0x000029c8                ow_parasite_enable
                0x000029ce                ow_parasite_disable
                0x000029d4                ow_reset
                0x00002a18                ow_bit_io
                0x00002a56                ow_byte_wr
                0x00002a78                ow_byte_rd
                0x00002a80                ow_rom_search
                0x00002b16                ow_command
                0x00002b54                DS18X20_find_sensor
                0x00002b88                search_sensors
                0x00002c3a                DS18X20_meas_to_cel
                0x00002ccc                DS18X20_temp_to_decicel
                0x00002d58                DS18X20_temp_cmp
                0x00002d82                DS18X20_get_power_status
                0x00002db0                DS18X20_start_meas
                0x00002de2                DS18X20_read_meas
                0x00002e98                DS18X20_read_meas_single
                0x00002f46                DS18X20_write_scratchpad
                0x00002f94                DS18X20_read_scratchpad
                0x00002fda                DS18X20_copy_scratchpad
                0x00003030                DS18X20_recall_E2
 .text          0x00003070        0x0 c:/program files/atmel/avr tools/avr toolchain/bin/../lib/gcc/avr/4.4.3/avr5\libgcc.a(_udivmodhi4.o)
 .text          0x00003070        0x0 c:/program files/atmel/avr tools/avr toolchain/bin/../lib/gcc/avr/4.4.3/avr5\libgcc.a(_divmodhi4.o)
 .text          0x00003070        0x0 c:/program files/atmel/avr tools/avr toolchain/bin/../lib/gcc/avr/4.4.3/avr5\libgcc.a(_exit.o)
 .text          0x00003070        0x0 c:/program files/atmel/avr tools/avr toolchain/bin/../lib/gcc/avr/4.4.3/avr5\libgcc.a(_copy_data.o)
 .text          0x00003070        0x0 c:/program files/atmel/avr tools/avr toolchain/bin/../lib/gcc/avr/4.4.3/avr5\libgcc.a(_clear_bss.o)
 .text          0x00003070        0x0 c:/program files/atmel/avr tools/avr toolchain/bin/../lib/gcc/avr/4.4.3/../../../../avr/lib/avr5\libc.a(eerd_byte_atmega16.o)
 .text          0x00003070        0x0 c:/program files/atmel/avr tools/avr toolchain/bin/../lib/gcc/avr/4.4.3/../../../../avr/lib/avr5\libc.a(eewr_byte_atmega16.o)
                0x00003070                . = ALIGN (0x2)
 *(.text.*)
 .text.libgcc   0x00003070       0x28 c:/program files/atmel/avr tools/avr toolchain/bin/../lib/gcc/avr/4.4.3/avr5\libgcc.a(_udivmodhi4.o)
                0x00003070                __udivmodhi4
 .text.libgcc   0x00003098       0x26 c:/program files/atmel/avr tools/avr toolchain/bin/../lib/gcc/avr/4.4.3/avr5\libgcc.a(_divmodhi4.o)
                0x00003098                _div
                0x00003098                __divmodhi4
 .text.libgcc   0x000030be        0x0 c:/program files/atmel/avr tools/avr toolchain/bin/../lib/gcc/avr/4.4.3/avr5\libgcc.a(_exit.o)
 .text.libgcc   0x000030be        0x0 c:/program files/atmel/avr tools/avr toolchain/bin/../lib/gcc/avr/4.4.3/avr5\libgcc.a(_copy_data.o)
 .text.libgcc   0x000030be        0x0 c:/program files/atmel/avr tools/avr toolchain/bin/../lib/gcc/avr/4.4.3/avr5\libgcc.a(_clear_bss.o)
 .text.avr-libc
                0x000030be       0x10 c:/program files/atmel/avr tools/avr toolchain/bin/../lib/gcc/avr/4.4.3/../../../../avr/lib/avr5\libc.a(eerd_byte_atmega16.o)
                0x000030be                __eerd_byte_m16
 .text.avr-libc
                0x000030ce       0x1a c:/program files/atmel/avr tools/avr toolchain/bin/../lib/gcc/avr/4.4.3/../../../../avr/lib/avr5\libc.a(eewr_byte_atmega16.o)
                0x000030ce                __eewr_byte_m16
                0x000030d0                __eewr_r18_m16
                0x000030e8                . = ALIGN (0x2)
 *(.fini9)
 .fini9         0x000030e8        0x0 c:/program files/atmel/avr tools/avr toolchain/bin/../lib/gcc/avr/4.4.3/avr5\libgcc.a(_exit.o)
                0x000030e8                _exit
                0x000030e8                exit
 *(.fini9)
 *(.fini8)
 *(.fini8)
 *(.fini7)
 *(.fini7)
 *(.fini6)
 *(.fini6)
 *(.fini5)
 *(.fini5)
 *(.fini4)
 *(.fini4)
 *(.fini3)
 *(.fini3)
 *(.fini2)
 *(.fini2)
 *(.fini1)
 *(.fini1)
 *(.fini0)
 .fini0         0x000030e8        0x4 c:/program files/atmel/avr tools/avr toolchain/bin/../lib/gcc/avr/4.4.3/avr5\libgcc.a(_exit.o)
 *(.fini0)
                0x000030ec                _etext = .

.data           0x00800060      0x2ca load address 0x000030ec
                0x00800060                PROVIDE (__data_start, .)
 *(.data)
 .data          0x00800060        0x0 c:/program files/atmel/avr tools/avr toolchain/bin/../lib/gcc/avr/4.4.3/../../../../avr/lib/avr5/crtm16.o
 .data          0x00800060      0x2c2 preamp_2_plus.o
                0x00800060                rc5_def_save
                0x00800070                rc5_def
                0x00800080                rc5_key
                0x00800090                rc5_key_stb
                0x008000a0                rc5_key_mute
                0x008000b0                enc_mask_plus
                0x008000b1                enc_mask_minus
                0x008000b2                kbd_key
                0x008000b3                n_select
                0x008000b4                timer_nokey_count
                0x008000b5                n_ds_temp_max
                0x008000b6                reg_menu
                0x008000b7                param_tda
                0x008000bf                bass_treb
                0x008000cf                attens
                0x008000d3                menu_max
                0x008001d3                msg
                0x0080024d                mainmenu
                0x00800307                optionmenu
                0x00800320                msg_1
 .data          0x00800322        0x0 lcd_lib.o
 .data          0x00800322        0x0 rc5.o
 .data          0x00800322        0x0 i2c.o
 .data          0x00800322        0x8 ds18x20.o
 .data          0x0080032a        0x0 c:/program files/atmel/avr tools/avr toolchain/bin/../lib/gcc/avr/4.4.3/avr5\libgcc.a(_udivmodhi4.o)
 .data          0x0080032a        0x0 c:/program files/atmel/avr tools/avr toolchain/bin/../lib/gcc/avr/4.4.3/avr5\libgcc.a(_divmodhi4.o)
 .data          0x0080032a        0x0 c:/program files/atmel/avr tools/avr toolchain/bin/../lib/gcc/avr/4.4.3/avr5\libgcc.a(_exit.o)
 .data          0x0080032a        0x0 c:/program files/atmel/avr tools/avr toolchain/bin/../lib/gcc/avr/4.4.3/avr5\libgcc.a(_copy_data.o)
 .data          0x0080032a        0x0 c:/program files/atmel/avr tools/avr toolchain/bin/../lib/gcc/avr/4.4.3/avr5\libgcc.a(_clear_bss.o)
 .data          0x0080032a        0x0 c:/program files/atmel/avr tools/avr toolchain/bin/../lib/gcc/avr/4.4.3/../../../../avr/lib/avr5\libc.a(eerd_byte_atmega16.o)
 .data          0x0080032a        0x0 c:/program files/atmel/avr tools/avr toolchain/bin/../lib/gcc/avr/4.4.3/../../../../avr/lib/avr5\libc.a(eewr_byte_atmega16.o)
 *(.data*)
 *(.rodata)
 *(.rodata*)
 *(.gnu.linkonce.d*)
                0x0080032a                . = ALIGN (0x2)
                0x0080032a                _edata = .
                0x0080032a                PROVIDE (__data_end, .)

.bss            0x0080032a       0x64
                0x0080032a                PROVIDE (__bss_start, .)
 *(.bss)
 .bss           0x0080032a        0x0 c:/program files/atmel/avr tools/avr toolchain/bin/../lib/gcc/avr/4.4.3/../../../../avr/lib/avr5/crtm16.o
 .bss           0x0080032a       0x18 preamp_2_plus.o
 .bss           0x00800342        0x0 lcd_lib.o
 .bss           0x00800342        0x5 rc5.o
 .bss           0x00800347        0x0 i2c.o
 .bss           0x00800347        0x0 ds18x20.o
 .bss           0x00800347        0x0 c:/program files/atmel/avr tools/avr toolchain/bin/../lib/gcc/avr/4.4.3/avr5\libgcc.a(_udivmodhi4.o)
 .bss           0x00800347        0x0 c:/program files/atmel/avr tools/avr toolchain/bin/../lib/gcc/avr/4.4.3/avr5\libgcc.a(_divmodhi4.o)
 .bss           0x00800347        0x0 c:/program files/atmel/avr tools/avr toolchain/bin/../lib/gcc/avr/4.4.3/avr5\libgcc.a(_exit.o)
 .bss           0x00800347        0x0 c:/program files/atmel/avr tools/avr toolchain/bin/../lib/gcc/avr/4.4.3/avr5\libgcc.a(_copy_data.o)
 .bss           0x00800347        0x0 c:/program files/atmel/avr tools/avr toolchain/bin/../lib/gcc/avr/4.4.3/avr5\libgcc.a(_clear_bss.o)
 .bss           0x00800347        0x0 c:/program files/atmel/avr tools/avr toolchain/bin/../lib/gcc/avr/4.4.3/../../../../avr/lib/avr5\libc.a(eerd_byte_atmega16.o)
 .bss           0x00800347        0x0 c:/program files/atmel/avr tools/avr toolchain/bin/../lib/gcc/avr/4.4.3/../../../../avr/lib/avr5\libc.a(eewr_byte_atmega16.o)
 *(.bss*)
 *(COMMON)
 COMMON         0x00800347       0x44 preamp_2_plus.o
                0x00800347                sec_flag
                0x00800348                standby_avto_cnt
                0x0080034a                n_sleep
                0x0080034b                rc5_stb_cnt
                0x0080034c                temperature1
                0x0080034d                h1
                0x0080034e                n_ds_found_cnt
                0x0080034f                show_temp_cnt
                0x00800350                d1
                0x00800351                nmenu
                0x00800352                omenu
                0x00800353                encoder_status
                0x00800354                l_tcheck
                0x00800355                enc
                0x00800357                sz2
                0x00800358                s1
                0x00800359                sleep_timer_cnt
                0x0080035b                stb_out_tmp
                0x0080035c                standby_avto_flag
                0x0080035d                mes1
                0x0080035e                l_londness
                0x0080035f                n_sleep_tmp
                0x00800360                l_info
                0x00800361                stb_out
                0x00800362                year1
                0x00800363                n_ds_temp_max_tmp
                0x00800364                l_standby
                0x00800365                nokey_timer_cnt
                0x00800366                sec_cnt
                0x00800367                save_volume_mute
                0x00800368                l_mute_show
                0x00800369                enc_count_p
                0x0080036a                n_auto_stb
                0x0080036b                rc5_set_cnt
                0x0080036c                enc_count_m
                0x0080036d                m1
                0x0080036e                rc5_mute_cnt
                0x0080036f                rc5_cnt
                0x00800370                n_auto_stb_tmp
                0x00800371                save_volume_stb
                0x00800372                ds_wait_cnt
                0x00800373                gSensorIDs
                0x00800383                l_mute
                0x00800384                kbd_timer_cnt
                0x00800385                ds_state
                0x00800386                sz1
                0x00800387                sleep_flag
                0x00800388                temperature2
                0x00800389                enc_timer_cnt
                0x0080038a                nokey_flag
 COMMON         0x0080038b        0x3 rc5.o
                0x0080038b                rc5
                0x0080038e                PROVIDE (__bss_end, .)
                0x000030ec                __data_load_start = LOADADDR (.data)
                0x000033b6                __data_load_end = (__data_load_start + SIZEOF (.data))

.noinit         0x0080038e        0x0
                0x0080038e                PROVIDE (__noinit_start, .)
 *(.noinit*)
                0x0080038e                PROVIDE (__noinit_end, .)
                0x0080038e                _end = .
                0x0080038e                PROVIDE (__heap_start, .)

.eeprom         0x00810000        0x0
 *(.eeprom*)
                0x00810000                __eeprom_end = .

.fuse
 *(.fuse)
 *(.lfuse)
 *(.hfuse)
 *(.efuse)

.lock
 *(.lock*)

.signature
 *(.signature*)

.stab           0x00000000      0x834
 *(.stab)
 .stab          0x00000000      0x6cc c:/program files/atmel/avr tools/avr toolchain/bin/../lib/gcc/avr/4.4.3/../../../../avr/lib/avr5/crtm16.o
 .stab          0x000006cc       0x90 c:/program files/atmel/avr tools/avr toolchain/bin/../lib/gcc/avr/4.4.3/../../../../avr/lib/avr5\libc.a(eerd_byte_atmega16.o)
                                 0x9c (size before relaxing)
 .stab          0x0000075c       0xd8 c:/program files/atmel/avr tools/avr toolchain/bin/../lib/gcc/avr/4.4.3/../../../../avr/lib/avr5\libc.a(eewr_byte_atmega16.o)
                                 0xe4 (size before relaxing)

.stabstr        0x00000000      0x14b
 *(.stabstr)
 .stabstr       0x00000000      0x14b c:/program files/atmel/avr tools/avr toolchain/bin/../lib/gcc/avr/4.4.3/../../../../avr/lib/avr5/crtm16.o

.stab.excl
 *(.stab.excl)

.stab.exclstr
 *(.stab.exclstr)

.stab.index
 *(.stab.index)

.stab.indexstr
 *(.stab.indexstr)

.comment
 *(.comment)

.debug
 *(.debug)

.line
 *(.line)

.debug_srcinfo
 *(.debug_srcinfo)

.debug_sfnames
 *(.debug_sfnames)

.debug_aranges  0x00000000       0xa0
 *(.debug_aranges)
 .debug_aranges
                0x00000000       0x20 preamp_2_plus.o
 .debug_aranges
                0x00000020       0x20 lcd_lib.o
 .debug_aranges
                0x00000040       0x20 rc5.o
 .debug_aranges
                0x00000060       0x20 i2c.o
 .debug_aranges
                0x00000080       0x20 ds18x20.o

.debug_pubnames
                0x00000000      0xa5b
 *(.debug_pubnames)
 .debug_pubnames
                0x00000000      0x6f6 preamp_2_plus.o
 .debug_pubnames
                0x000006f6       0xa1 lcd_lib.o
 .debug_pubnames
                0x00000797       0x45 rc5.o
 .debug_pubnames
                0x000007dc       0x5f i2c.o
 .debug_pubnames
                0x0000083b      0x220 ds18x20.o

.debug_info     0x00000000     0x28ae
 *(.debug_info)
 .debug_info    0x00000000     0x153a preamp_2_plus.o
 .debug_info    0x0000153a      0x478 lcd_lib.o
 .debug_info    0x000019b2      0x25e rc5.o
 .debug_info    0x00001c10      0x344 i2c.o
 .debug_info    0x00001f54      0x95a ds18x20.o
 *(.gnu.linkonce.wi.*)

.debug_abbrev   0x00000000      0x912
 *(.debug_abbrev)
 .debug_abbrev  0x00000000      0x303 preamp_2_plus.o
 .debug_abbrev  0x00000303      0x14c lcd_lib.o
 .debug_abbrev  0x0000044f      0x116 rc5.o
 .debug_abbrev  0x00000565      0x10c i2c.o
 .debug_abbrev  0x00000671      0x2a1 ds18x20.o

.debug_line     0x00000000     0x2dcf
 *(.debug_line)
 .debug_line    0x00000000     0x1c2e preamp_2_plus.o
 .debug_line    0x00001c2e      0x37d lcd_lib.o
 .debug_line    0x00001fab      0x25f rc5.o
 .debug_line    0x0000220a      0x3f5 i2c.o
 .debug_line    0x000025ff      0x7d0 ds18x20.o

.debug_frame    0x00000000      0x5c0
 *(.debug_frame)
 .debug_frame   0x00000000      0x2e0 preamp_2_plus.o
 .debug_frame   0x000002e0       0xa0 lcd_lib.o
 .debug_frame   0x00000380       0x40 rc5.o
 .debug_frame   0x000003c0       0x70 i2c.o
 .debug_frame   0x00000430      0x190 ds18x20.o

.debug_str      0x00000000      0xae9
 *(.debug_str)
 .debug_str     0x00000000      0x732 preamp_2_plus.o
                                0x79f (size before relaxing)
 .debug_str     0x00000732       0xb7 lcd_lib.o
                                0x178 (size before relaxing)
 .debug_str     0x000007e9       0x53 rc5.o
                                0x121 (size before relaxing)
 .debug_str     0x0000083c       0x38 i2c.o
                                 0xc6 (size before relaxing)
 .debug_str     0x00000874      0x275 ds18x20.o
                                0x356 (size before relaxing)

.debug_loc      0x00000000     0x1475
 *(.debug_loc)
 .debug_loc     0x00000000      0x953 preamp_2_plus.o
 .debug_loc     0x00000953      0x1ea lcd_lib.o
 .debug_loc     0x00000b3d      0x131 rc5.o
 .debug_loc     0x00000c6e       0x31 i2c.o
 .debug_loc     0x00000c9f      0x7d6 ds18x20.o

.debug_macinfo
 *(.debug_macinfo)
OUTPUT(preamp_2_plus.elf elf32-avr)
LOAD linker stubs
